---
source: tests/snapshot.rs
expression: in_memory_embedding_persistor
---
InMemoryEmbeddingPersistor {
    entity_count: 8,
    dimenstion: 128,
    entities: [
        InMemoryEntity {
            entity: "a",
            occur_count: 23,
            vector: [
                -0.0529,
                0.0679,
                -0.0379,
                -0.0317,
                0.1039,
                -0.0877,
                -0.0348,
                0.1004,
                0.1211,
                -0.0058,
                -0.0795,
                0.0643,
                -0.1542,
                0.0443,
                0.1314,
                0.0617,
                0.0187,
                0.1786,
                -0.0299,
                0.1557,
                -0.0775,
                0.1111,
                0.0246,
                0.0141,
                0.1053,
                0.0282,
                0.0597,
                -0.0078,
                0.0304,
                -0.1327,
                0.1983,
                -0.0870,
                -0.0209,
                -0.0458,
                0.1098,
                -0.0293,
                0.0989,
                0.0741,
                0.0679,
                0.0390,
                -0.0332,
                -0.0299,
                0.2005,
                0.0692,
                -0.1386,
                0.0513,
                0.0089,
                -0.0032,
                -0.1280,
                0.0698,
                -0.0995,
                0.0191,
                0.1493,
                0.0451,
                0.1140,
                0.1374,
                0.0857,
                0.0548,
                0.1013,
                -0.1207,
                0.0796,
                -0.0074,
                0.1251,
                -0.1480,
                -0.1010,
                0.0362,
                0.0150,
                -0.0258,
                -0.0258,
                0.0524,
                -0.0957,
                0.1830,
                0.0303,
                -0.0295,
                0.1132,
                0.0261,
                -0.0589,
                0.0703,
                -0.0385,
                0.0969,
                0.0998,
                0.0710,
                0.0657,
                0.0041,
                0.1965,
                -0.0453,
                0.0262,
                0.0885,
                0.1028,
                -0.0287,
                0.0193,
                0.1635,
                -0.0302,
                -0.1841,
                -0.0548,
                -0.0684,
                0.0331,
                0.0676,
                -0.0125,
                -0.1619,
                0.0493,
                0.1350,
                -0.0286,
                0.0254,
                0.0149,
                -0.1454,
                -0.0435,
                -0.0646,
                0.0218,
                -0.0424,
                -0.0397,
                0.0038,
                -0.0859,
                0.0129,
                -0.1244,
                -0.1154,
                -0.1749,
                0.0506,
                0.0757,
                -0.0172,
                -0.0666,
                0.0855,
                -0.1499,
                -0.0651,
                0.0612,
                -0.0100,
                0.0898,
                0.0666,
            ],
        },
        InMemoryEntity {
            entity: "aa",
            occur_count: 8,
            vector: [
                -0.0659,
                0.0643,
                -0.0376,
                -0.0328,
                0.1159,
                -0.0558,
                -0.0198,
                0.1128,
                0.1119,
                -0.0205,
                -0.1158,
                0.0863,
                -0.1277,
                0.0220,
                0.1385,
                0.0667,
                0.0371,
                0.1788,
                -0.0518,
                0.1403,
                -0.0809,
                0.0817,
                0.0125,
                -0.0349,
                0.0866,
                0.0077,
                0.0507,
                -0.0370,
                0.0292,
                -0.1280,
                0.2158,
                -0.0694,
                -0.0191,
                -0.0375,
                0.1140,
                -0.0502,
                0.1016,
                0.0575,
                0.0685,
                0.0512,
                -0.0163,
                -0.0282,
                0.2070,
                0.0566,
                -0.1274,
                0.0422,
                0.0242,
                -0.0163,
                -0.1127,
                0.0769,
                -0.0902,
                0.0335,
                0.1356,
                0.0321,
                0.1048,
                0.1524,
                0.0762,
                0.0843,
                0.1183,
                -0.1264,
                0.0520,
                -0.0294,
                0.0908,
                -0.1506,
                -0.1062,
                0.0478,
                0.0084,
                -0.0245,
                -0.0101,
                0.0292,
                -0.0671,
                0.1863,
                0.0404,
                -0.0231,
                0.1172,
                0.0020,
                -0.0657,
                0.0684,
                -0.0276,
                0.1055,
                0.1020,
                0.0757,
                0.0691,
                -0.0057,
                0.1895,
                -0.0624,
                0.0451,
                0.0937,
                0.1178,
                -0.0427,
                0.0214,
                0.1537,
                -0.0030,
                -0.1749,
                -0.0434,
                -0.0369,
                0.0423,
                0.0583,
                -0.0134,
                -0.1667,
                0.0250,
                0.1528,
                -0.0269,
                0.0409,
                0.0169,
                -0.1602,
                -0.0185,
                -0.0396,
                0.0405,
                -0.0367,
                -0.0280,
                -0.0120,
                -0.1104,
                0.0278,
                -0.1392,
                -0.1244,
                -0.1919,
                0.0503,
                0.0720,
                -0.0314,
                -0.0916,
                0.0886,
                -0.1289,
                -0.0586,
                0.0529,
                0.0124,
                0.0808,
                0.0698,
            ],
        },
        InMemoryEntity {
            entity: "ab",
            occur_count: 14,
            vector: [
                -0.0444,
                0.0690,
                -0.0375,
                -0.0306,
                0.0952,
                -0.1052,
                -0.0432,
                0.0915,
                0.1248,
                0.0030,
                -0.0569,
                0.0504,
                -0.1675,
                0.0568,
                0.1252,
                0.0579,
                0.0076,
                0.1759,
                -0.0166,
                0.1625,
                -0.0743,
                0.1268,
                0.0314,
                0.0428,
                0.1148,
                0.0398,
                0.0641,
                0.0095,
                0.0306,
                -0.1335,
                0.1850,
                -0.0961,
                -0.0217,
                -0.0500,
                0.1056,
                -0.0165,
                0.0958,
                0.0827,
                0.0666,
                0.0312,
                -0.0426,
                -0.0304,
                0.1936,
                0.0756,
                -0.1432,
                0.0559,
                -0.0002,
                0.0046,
                -0.1351,
                0.0646,
                -0.1034,
                0.0103,
                0.1551,
                0.0520,
                0.1177,
                0.1265,
                0.0900,
                0.0366,
                0.0899,
                -0.1156,
                0.0948,
                0.0056,
                0.1434,
                -0.1443,
                -0.0964,
                0.0288,
                0.0187,
                -0.0262,
                -0.0347,
                0.0654,
                -0.1111,
                0.1783,
                0.0238,
                -0.0329,
                0.1091,
                0.0399,
                -0.0540,
                0.0704,
                -0.0443,
                0.0903,
                0.0970,
                0.0671,
                0.0627,
                0.0098,
                0.1976,
                -0.0345,
                0.0146,
                0.0841,
                0.0924,
                -0.0201,
                0.0178,
                0.1669,
                -0.0457,
                -0.1868,
                -0.0607,
                -0.0858,
                0.0272,
                0.0721,
                -0.0118,
                -0.1567,
                0.0628,
                0.1225,
                -0.0291,
                0.0159,
                0.0135,
                -0.1344,
                -0.0576,
                -0.0783,
                0.0105,
                -0.0451,
                -0.0461,
                0.0131,
                -0.0701,
                0.0040,
                -0.1138,
                -0.1084,
                -0.1623,
                0.0500,
                0.0768,
                -0.0086,
                -0.0509,
                0.0825,
                -0.1600,
                -0.0680,
                0.0652,
                -0.0231,
                0.0938,
                0.0637,
            ],
        },
        InMemoryEntity {
            entity: "abb",
            occur_count: 59,
            vector: [
                0.1148,
                -0.0310,
                -0.1395,
                0.1003,
                -0.1567,
                -0.1292,
                -0.0517,
                -0.0732,
                0.0738,
                0.0640,
                -0.0621,
                0.0678,
                0.0880,
                -0.1159,
                0.0421,
                0.1883,
                0.0773,
                0.0886,
                -0.0457,
                0.0202,
                0.0031,
                -0.0532,
                -0.0598,
                -0.1592,
                -0.0100,
                0.1888,
                -0.0485,
                -0.0821,
                -0.0093,
                -0.1065,
                0.0161,
                -0.1213,
                -0.0896,
                0.1081,
                0.1199,
                -0.1229,
                -0.0167,
                -0.0122,
                0.0633,
                0.0857,
                -0.0666,
                -0.0193,
                -0.0934,
                -0.0124,
                -0.0278,
                -0.1773,
                -0.0458,
                0.0575,
                -0.1192,
                -0.0747,
                -0.0056,
                0.0567,
                0.1018,
                0.0788,
                0.0050,
                0.0459,
                -0.1029,
                -0.0078,
                0.1281,
                -0.1432,
                -0.1502,
                0.0487,
                -0.1241,
                0.0016,
                -0.1161,
                0.0025,
                -0.0013,
                -0.0015,
                -0.1435,
                -0.0864,
                0.0007,
                -0.0311,
                0.0870,
                0.1076,
                0.0821,
                -0.1691,
                0.0440,
                -0.1024,
                0.0516,
                -0.0052,
                0.0371,
                -0.0826,
                0.1214,
                0.1214,
                -0.0823,
                -0.0353,
                -0.0575,
                0.0628,
                -0.0649,
                0.0793,
                -0.0105,
                0.0150,
                0.0642,
                -0.0301,
                0.0244,
                0.0827,
                -0.0497,
                0.1339,
                -0.0332,
                -0.0811,
                -0.1777,
                -0.1388,
                -0.0579,
                -0.1022,
                0.0726,
                0.0569,
                -0.0824,
                0.1103,
                -0.0254,
                0.0540,
                0.0988,
                -0.0881,
                0.0610,
                -0.0453,
                0.0960,
                -0.1664,
                -0.1278,
                -0.0171,
                0.0321,
                0.0094,
                0.0911,
                -0.0587,
                0.1664,
                0.0962,
                0.0652,
                -0.0032,
                -0.1187,
                0.1108,
            ],
        },
        InMemoryEntity {
            entity: "ba",
            occur_count: 17,
            vector: [
                -0.0659,
                0.0643,
                -0.0376,
                -0.0328,
                0.1159,
                -0.0558,
                -0.0198,
                0.1128,
                0.1119,
                -0.0205,
                -0.1158,
                0.0863,
                -0.1277,
                0.0220,
                0.1385,
                0.0667,
                0.0371,
                0.1788,
                -0.0518,
                0.1403,
                -0.0809,
                0.0817,
                0.0125,
                -0.0349,
                0.0866,
                0.0077,
                0.0507,
                -0.0370,
                0.0292,
                -0.1280,
                0.2158,
                -0.0694,
                -0.0191,
                -0.0375,
                0.1140,
                -0.0502,
                0.1016,
                0.0575,
                0.0685,
                0.0512,
                -0.0163,
                -0.0282,
                0.2070,
                0.0566,
                -0.1274,
                0.0422,
                0.0242,
                -0.0163,
                -0.1127,
                0.0769,
                -0.0902,
                0.0335,
                0.1356,
                0.0321,
                0.1048,
                0.1524,
                0.0762,
                0.0843,
                0.1183,
                -0.1264,
                0.0520,
                -0.0294,
                0.0908,
                -0.1506,
                -0.1062,
                0.0478,
                0.0084,
                -0.0245,
                -0.0101,
                0.0292,
                -0.0671,
                0.1863,
                0.0404,
                -0.0231,
                0.1172,
                0.0020,
                -0.0657,
                0.0684,
                -0.0276,
                0.1055,
                0.1020,
                0.0757,
                0.0691,
                -0.0057,
                0.1895,
                -0.0624,
                0.0451,
                0.0937,
                0.1178,
                -0.0427,
                0.0214,
                0.1537,
                -0.0030,
                -0.1749,
                -0.0434,
                -0.0369,
                0.0423,
                0.0583,
                -0.0134,
                -0.1667,
                0.0250,
                0.1528,
                -0.0269,
                0.0409,
                0.0169,
                -0.1602,
                -0.0185,
                -0.0396,
                0.0405,
                -0.0367,
                -0.0280,
                -0.0120,
                -0.1104,
                0.0278,
                -0.1392,
                -0.1244,
                -0.1919,
                0.0503,
                0.0720,
                -0.0314,
                -0.0916,
                0.0886,
                -0.1289,
                -0.0586,
                0.0529,
                0.0124,
                0.0808,
                0.0698,
            ],
        },
        InMemoryEntity {
            entity: "bac",
            occur_count: 9,
            vector: [
                -0.0659,
                0.0643,
                -0.0376,
                -0.0328,
                0.1159,
                -0.0558,
                -0.0198,
                0.1128,
                0.1119,
                -0.0205,
                -0.1158,
                0.0863,
                -0.1277,
                0.0220,
                0.1385,
                0.0667,
                0.0371,
                0.1788,
                -0.0518,
                0.1403,
                -0.0809,
                0.0817,
                0.0125,
                -0.0349,
                0.0866,
                0.0077,
                0.0507,
                -0.0370,
                0.0292,
                -0.1280,
                0.2158,
                -0.0694,
                -0.0191,
                -0.0375,
                0.1140,
                -0.0502,
                0.1016,
                0.0575,
                0.0685,
                0.0512,
                -0.0163,
                -0.0282,
                0.2070,
                0.0566,
                -0.1274,
                0.0422,
                0.0242,
                -0.0163,
                -0.1127,
                0.0769,
                -0.0902,
                0.0335,
                0.1356,
                0.0321,
                0.1048,
                0.1524,
                0.0762,
                0.0843,
                0.1183,
                -0.1264,
                0.0520,
                -0.0294,
                0.0908,
                -0.1506,
                -0.1062,
                0.0478,
                0.0084,
                -0.0245,
                -0.0101,
                0.0292,
                -0.0671,
                0.1863,
                0.0404,
                -0.0231,
                0.1172,
                0.0020,
                -0.0657,
                0.0684,
                -0.0276,
                0.1055,
                0.1020,
                0.0757,
                0.0691,
                -0.0057,
                0.1895,
                -0.0624,
                0.0451,
                0.0937,
                0.1178,
                -0.0427,
                0.0214,
                0.1537,
                -0.0030,
                -0.1749,
                -0.0434,
                -0.0369,
                0.0423,
                0.0583,
                -0.0134,
                -0.1667,
                0.0250,
                0.1528,
                -0.0269,
                0.0409,
                0.0169,
                -0.1602,
                -0.0185,
                -0.0396,
                0.0405,
                -0.0367,
                -0.0280,
                -0.0120,
                -0.1104,
                0.0278,
                -0.1392,
                -0.1244,
                -0.1919,
                0.0503,
                0.0720,
                -0.0314,
                -0.0916,
                0.0886,
                -0.1289,
                -0.0586,
                0.0529,
                0.0124,
                0.0808,
                0.0698,
            ],
        },
        InMemoryEntity {
            entity: "bca",
            occur_count: 6,
            vector: [
                -0.0260,
                0.0689,
                -0.0355,
                -0.0273,
                0.0746,
                -0.1367,
                -0.0584,
                0.0708,
                0.1279,
                0.0204,
                -0.0098,
                0.0208,
                -0.1885,
                0.0798,
                0.1087,
                0.0483,
                -0.0150,
                0.1645,
                0.0107,
                0.1705,
                -0.0655,
                0.1540,
                0.0439,
                0.0988,
                0.1300,
                0.0618,
                0.0708,
                0.0440,
                0.0301,
                -0.1307,
                0.1523,
                -0.1110,
                -0.0225,
                -0.0567,
                0.0938,
                0.0097,
                0.0865,
                0.0973,
                0.0617,
                0.0145,
                -0.0601,
                -0.0303,
                0.1733,
                0.0859,
                -0.1475,
                0.0632,
                -0.0185,
                0.0200,
                -0.1447,
                0.0519,
                -0.1079,
                -0.0077,
                0.1616,
                0.0643,
                0.1211,
                0.1004,
                0.0956,
                -0.0011,
                0.0638,
                -0.1014,
                0.1219,
                0.0316,
                0.1753,
                -0.1319,
                -0.0840,
                0.0131,
                0.0254,
                -0.0261,
                -0.0513,
                0.0891,
                -0.1382,
                0.1630,
                0.0101,
                -0.0385,
                0.0973,
                0.0662,
                -0.0423,
                0.0681,
                -0.0545,
                0.0742,
                0.0882,
                0.0572,
                0.0546,
                0.0209,
                0.1934,
                -0.0117,
                -0.0091,
                0.0725,
                0.0686,
                -0.0021,
                0.0142,
                0.1680,
                -0.0754,
                -0.1860,
                -0.0706,
                -0.1180,
                0.0145,
                0.0787,
                -0.0100,
                -0.1410,
                0.0879,
                0.0932,
                -0.0293,
                -0.0037,
                0.0103,
                -0.1080,
                -0.0838,
                -0.1032,
                -0.0126,
                -0.0491,
                -0.0572,
                0.0312,
                -0.0363,
                -0.0141,
                -0.0888,
                -0.0906,
                -0.1317,
                0.0472,
                0.0763,
                0.0090,
                -0.0177,
                0.0736,
                -0.1749,
                -0.0715,
                0.0709,
                -0.0486,
                0.0986,
                0.0557,
            ],
        },
        InMemoryEntity {
            entity: "bcc",
            occur_count: 18,
            vector: [
                0.1194,
                -0.0282,
                -0.1471,
                0.1016,
                -0.1707,
                -0.1414,
                -0.0938,
                -0.0178,
                0.0523,
                0.0581,
                -0.0937,
                0.0357,
                0.0590,
                -0.1242,
                -0.0070,
                0.2010,
                0.0415,
                0.0819,
                -0.0764,
                -0.0302,
                0.0238,
                -0.0432,
                -0.1003,
                -0.1699,
                0.0338,
                0.2005,
                -0.0454,
                -0.0217,
                -0.0286,
                -0.0738,
                -0.0187,
                -0.1449,
                -0.0629,
                0.0886,
                0.1334,
                -0.1051,
                -0.0525,
                0.0170,
                0.1032,
                0.0180,
                -0.0795,
                0.0242,
                -0.1090,
                -0.0583,
                -0.0601,
                -0.1892,
                -0.0776,
                0.0911,
                -0.0916,
                -0.0740,
                -0.0196,
                0.0734,
                0.1215,
                0.0158,
                0.0416,
                0.0768,
                -0.0876,
                0.0407,
                0.1470,
                -0.1565,
                -0.1621,
                0.0439,
                -0.1292,
                0.0056,
                -0.0740,
                -0.0441,
                0.0430,
                0.0049,
                -0.1409,
                -0.0237,
                0.0419,
                -0.0504,
                0.0369,
                0.1096,
                0.0746,
                -0.1756,
                0.0782,
                -0.0564,
                0.0337,
                -0.0420,
                0.0416,
                -0.0210,
                0.0958,
                0.1021,
                -0.1055,
                -0.0129,
                -0.0238,
                0.0766,
                -0.0227,
                0.0487,
                -0.0506,
                0.0530,
                0.0473,
                -0.0309,
                0.0310,
                0.1139,
                -0.0045,
                0.1200,
                -0.0443,
                -0.0355,
                -0.1915,
                -0.1190,
                -0.0610,
                -0.0945,
                0.0719,
                0.0679,
                -0.0772,
                0.0955,
                0.0297,
                0.0939,
                0.0487,
                -0.1080,
                0.0038,
                -0.0761,
                0.0715,
                -0.1786,
                -0.1220,
                0.0370,
                0.0439,
                0.0286,
                0.1144,
                -0.0485,
                0.1660,
                0.0537,
                0.0727,
                -0.0038,
                -0.0950,
                0.0734,
            ],
        },
    ],
}
